2025-09-18T09:47:45.467535 [ENTRY] load_images 시작
2025-09-18T09:47:45.470527 [DEBUG] annotations에서 description이 있는 문서 수: 8
2025-09-18T09:47:45.470527 [DEBUG] 후보: C:\Users\pc\Desktop\인턴\SKPoC\Unclear_file\231012_060258_0_side1.jpg -> 해석: C:\Users\pc\Desktop\인턴\SKPoC\Unclear_file\231012_060258_0_side1.jpg
2025-09-18T09:47:45.471525 [DEBUG] 후보: C:\Users\pc\Desktop\인턴\SKPoC\Unclear_file\231012_060258_0_side2.jpg -> 해석: C:\Users\pc\Desktop\인턴\SKPoC\Unclear_file\231012_060258_0_side2.jpg
2025-09-18T09:47:45.472523 [DEBUG] 후보: C:\Users\pc\Desktop\인턴\SKPoC\Unclear_file\231012_060304_0_side2.jpg -> 해석: C:\Users\pc\Desktop\인턴\SKPoC\Unclear_file\231012_060304_0_side2.jpg
2025-09-18T09:47:45.472523 [DEBUG] 후보: C:\Users\pc\Desktop\인턴\SKPoC\Unclear_file\231012_060920_0_side2.jpg -> 해석: C:\Users\pc\Desktop\인턴\SKPoC\Unclear_file\231012_060920_0_side2.jpg
2025-09-18T09:47:45.473520 [DEBUG] 후보: C:\Users\pc\Desktop\인턴\SKPoC\Unclear_file\231012_060355_0_side2.jpg -> 해석: C:\Users\pc\Desktop\인턴\SKPoC\Unclear_file\231012_060355_0_side2.jpg
2025-09-18T09:47:45.474517 [DEBUG] 후보: C:\Users\pc\Desktop\인턴\SKPoC\Unclear_file\231012_061126_0_side2.jpg -> 해석: C:\Users\pc\Desktop\인턴\SKPoC\Unclear_file\231012_061126_0_side2.jpg
2025-09-18T09:47:45.474517 [DEBUG] 후보: C:\Users\pc\Desktop\인턴\SKPoC\Unclear_file\231012_061345_0_side1.jpg -> 해석: C:\Users\pc\Desktop\인턴\SKPoC\Unclear_file\231012_061345_0_side1.jpg
2025-09-18T09:47:45.475514 [DEBUG] 후보: C:\Users\pc\Desktop\인턴\SKPoC\Unclear_file\231012_061734_0_side2.jpg -> 해석: C:\Users\pc\Desktop\인턴\SKPoC\Unclear_file\231012_061734_0_side2.jpg
2025-09-18T09:47:45.479504 [DEBUG] 최종 로드된 이미지 수: 8
2025-09-18T09:47:45.480501 [EXIT] load_images 종료
2025-09-18T09:53:48.824706 [ENTRY] load_images 시작
2025-09-18T09:53:48.826701 [DEBUG] annotations에서 description이 있는 문서 수: 8
2025-09-18T09:53:48.827698 [DEBUG] 후보: C:\Users\pc\Desktop\인턴\SKPoC\Unclear_file\231012_060258_0_side1.jpg -> 해석: C:\Users\pc\Desktop\인턴\SKPoC\Unclear_file\231012_060258_0_side1.jpg
2025-09-18T09:53:48.827698 [DEBUG] 후보: C:\Users\pc\Desktop\인턴\SKPoC\Unclear_file\231012_060258_0_side2.jpg -> 해석: C:\Users\pc\Desktop\인턴\SKPoC\Unclear_file\231012_060258_0_side2.jpg
2025-09-18T09:53:48.828696 [DEBUG] 후보: C:\Users\pc\Desktop\인턴\SKPoC\Unclear_file\231012_060304_0_side2.jpg -> 해석: C:\Users\pc\Desktop\인턴\SKPoC\Unclear_file\231012_060304_0_side2.jpg
2025-09-18T09:53:48.828696 [DEBUG] 후보: C:\Users\pc\Desktop\인턴\SKPoC\Unclear_file\231012_060920_0_side2.jpg -> 해석: C:\Users\pc\Desktop\인턴\SKPoC\Unclear_file\231012_060920_0_side2.jpg
2025-09-18T09:53:48.829693 [DEBUG] 후보: C:\Users\pc\Desktop\인턴\SKPoC\Unclear_file\231012_060355_0_side2.jpg -> 해석: C:\Users\pc\Desktop\인턴\SKPoC\Unclear_file\231012_060355_0_side2.jpg
2025-09-18T09:53:48.830691 [DEBUG] 후보: C:\Users\pc\Desktop\인턴\SKPoC\Unclear_file\231012_061126_0_side2.jpg -> 해석: C:\Users\pc\Desktop\인턴\SKPoC\Unclear_file\231012_061126_0_side2.jpg
2025-09-18T09:53:48.830691 [DEBUG] 후보: C:\Users\pc\Desktop\인턴\SKPoC\Unclear_file\231012_061345_0_side1.jpg -> 해석: C:\Users\pc\Desktop\인턴\SKPoC\Unclear_file\231012_061345_0_side1.jpg
2025-09-18T09:53:48.831688 [DEBUG] 후보: C:\Users\pc\Desktop\인턴\SKPoC\Unclear_file\231012_061734_0_side2.jpg -> 해석: C:\Users\pc\Desktop\인턴\SKPoC\Unclear_file\231012_061734_0_side2.jpg
2025-09-18T09:53:48.834680 [DEBUG] 최종 로드된 이미지 수: 8
2025-09-18T09:53:48.835677 [EXIT] load_images 종료
2025-09-18T09:57:12.495350 [ENTRY] load_images 시작
2025-09-18T09:57:12.497346 [DEBUG] annotations에서 description이 있는 문서 수: 8
2025-09-18T09:57:12.498342 [DEBUG] 후보: C:\Users\pc\Desktop\인턴\SKPoC\Unclear_file\231012_060258_0_side1.jpg -> 해석: C:\Users\pc\Desktop\인턴\SKPoC\Unclear_file\231012_060258_0_side1.jpg
2025-09-18T09:57:12.498342 [DEBUG] 후보: C:\Users\pc\Desktop\인턴\SKPoC\Unclear_file\231012_060258_0_side2.jpg -> 해석: C:\Users\pc\Desktop\인턴\SKPoC\Unclear_file\231012_060258_0_side2.jpg
2025-09-18T09:57:12.499340 [DEBUG] 후보: C:\Users\pc\Desktop\인턴\SKPoC\Unclear_file\231012_060304_0_side2.jpg -> 해석: C:\Users\pc\Desktop\인턴\SKPoC\Unclear_file\231012_060304_0_side2.jpg
2025-09-18T09:57:12.500338 [DEBUG] 후보: C:\Users\pc\Desktop\인턴\SKPoC\Unclear_file\231012_060920_0_side2.jpg -> 해석: C:\Users\pc\Desktop\인턴\SKPoC\Unclear_file\231012_060920_0_side2.jpg
2025-09-18T09:57:12.501335 [DEBUG] 후보: C:\Users\pc\Desktop\인턴\SKPoC\Unclear_file\231012_060355_0_side2.jpg -> 해석: C:\Users\pc\Desktop\인턴\SKPoC\Unclear_file\231012_060355_0_side2.jpg
2025-09-18T09:57:12.501335 [DEBUG] 후보: C:\Users\pc\Desktop\인턴\SKPoC\Unclear_file\231012_061126_0_side2.jpg -> 해석: C:\Users\pc\Desktop\인턴\SKPoC\Unclear_file\231012_061126_0_side2.jpg
2025-09-18T09:57:12.502332 [DEBUG] 후보: C:\Users\pc\Desktop\인턴\SKPoC\Unclear_file\231012_061345_0_side1.jpg -> 해석: C:\Users\pc\Desktop\인턴\SKPoC\Unclear_file\231012_061345_0_side1.jpg
2025-09-18T09:57:12.502332 [DEBUG] 후보: C:\Users\pc\Desktop\인턴\SKPoC\Unclear_file\231012_061734_0_side2.jpg -> 해석: C:\Users\pc\Desktop\인턴\SKPoC\Unclear_file\231012_061734_0_side2.jpg
2025-09-18T09:57:12.506346 [DEBUG] 최종 로드된 이미지 수: 8
2025-09-18T09:57:12.507318 [EXIT] load_images 종료
2025-09-18T10:00:29.818984 [ENTRY] load_images 시작
2025-09-18T10:00:29.821006 [DEBUG] annotations에서 description이 있는 문서 수: 8
2025-09-18T10:00:29.821006 [DEBUG] 후보: C:\Users\pc\Desktop\인턴\SKPoC\Unclear_file\231012_060258_0_side1.jpg -> 해석: C:\Users\pc\Desktop\인턴\SKPoC\Unclear_file\231012_060258_0_side1.jpg
2025-09-18T10:00:29.821976 [DEBUG] 후보: C:\Users\pc\Desktop\인턴\SKPoC\Unclear_file\231012_060258_0_side2.jpg -> 해석: C:\Users\pc\Desktop\인턴\SKPoC\Unclear_file\231012_060258_0_side2.jpg
2025-09-18T10:00:29.822974 [DEBUG] 후보: C:\Users\pc\Desktop\인턴\SKPoC\Unclear_file\231012_060304_0_side2.jpg -> 해석: C:\Users\pc\Desktop\인턴\SKPoC\Unclear_file\231012_060304_0_side2.jpg
2025-09-18T10:00:29.822974 [DEBUG] 후보: C:\Users\pc\Desktop\인턴\SKPoC\Unclear_file\231012_060920_0_side2.jpg -> 해석: C:\Users\pc\Desktop\인턴\SKPoC\Unclear_file\231012_060920_0_side2.jpg
2025-09-18T10:00:29.823971 [DEBUG] 후보: C:\Users\pc\Desktop\인턴\SKPoC\Unclear_file\231012_060355_0_side2.jpg -> 해석: C:\Users\pc\Desktop\인턴\SKPoC\Unclear_file\231012_060355_0_side2.jpg
2025-09-18T10:00:29.823971 [DEBUG] 후보: C:\Users\pc\Desktop\인턴\SKPoC\Unclear_file\231012_061126_0_side2.jpg -> 해석: C:\Users\pc\Desktop\인턴\SKPoC\Unclear_file\231012_061126_0_side2.jpg
2025-09-18T10:00:29.824968 [DEBUG] 후보: C:\Users\pc\Desktop\인턴\SKPoC\Unclear_file\231012_061345_0_side1.jpg -> 해석: C:\Users\pc\Desktop\인턴\SKPoC\Unclear_file\231012_061345_0_side1.jpg
2025-09-18T10:00:29.825965 [DEBUG] 후보: C:\Users\pc\Desktop\인턴\SKPoC\Unclear_file\231012_061734_0_side2.jpg -> 해석: C:\Users\pc\Desktop\인턴\SKPoC\Unclear_file\231012_061734_0_side2.jpg
2025-09-18T10:00:29.828985 [DEBUG] 최종 로드된 이미지 수: 8
2025-09-18T10:00:29.828985 [EXIT] load_images 종료
2025-09-18T10:00:30.487232 [ENTRY] load_images 시작
2025-09-18T10:00:30.489225 [DEBUG] annotations에서 description이 있는 문서 수: 8
2025-09-18T10:00:30.489225 [DEBUG] 후보: C:\Users\pc\Desktop\인턴\SKPoC\Unclear_file\231012_060258_0_side1.jpg -> 해석: C:\Users\pc\Desktop\인턴\SKPoC\Unclear_file\231012_060258_0_side1.jpg
2025-09-18T10:00:30.490195 [DEBUG] 후보: C:\Users\pc\Desktop\인턴\SKPoC\Unclear_file\231012_060258_0_side2.jpg -> 해석: C:\Users\pc\Desktop\인턴\SKPoC\Unclear_file\231012_060258_0_side2.jpg
2025-09-18T10:00:30.491192 [DEBUG] 후보: C:\Users\pc\Desktop\인턴\SKPoC\Unclear_file\231012_060304_0_side2.jpg -> 해석: C:\Users\pc\Desktop\인턴\SKPoC\Unclear_file\231012_060304_0_side2.jpg
2025-09-18T10:00:30.491192 [DEBUG] 후보: C:\Users\pc\Desktop\인턴\SKPoC\Unclear_file\231012_060920_0_side2.jpg -> 해석: C:\Users\pc\Desktop\인턴\SKPoC\Unclear_file\231012_060920_0_side2.jpg
2025-09-18T10:00:30.492191 [DEBUG] 후보: C:\Users\pc\Desktop\인턴\SKPoC\Unclear_file\231012_060355_0_side2.jpg -> 해석: C:\Users\pc\Desktop\인턴\SKPoC\Unclear_file\231012_060355_0_side2.jpg
2025-09-18T10:00:30.493186 [DEBUG] 후보: C:\Users\pc\Desktop\인턴\SKPoC\Unclear_file\231012_061126_0_side2.jpg -> 해석: C:\Users\pc\Desktop\인턴\SKPoC\Unclear_file\231012_061126_0_side2.jpg
2025-09-18T10:00:30.493186 [DEBUG] 후보: C:\Users\pc\Desktop\인턴\SKPoC\Unclear_file\231012_061345_0_side1.jpg -> 해석: C:\Users\pc\Desktop\인턴\SKPoC\Unclear_file\231012_061345_0_side1.jpg
2025-09-18T10:00:30.494185 [DEBUG] 후보: C:\Users\pc\Desktop\인턴\SKPoC\Unclear_file\231012_061734_0_side2.jpg -> 해석: C:\Users\pc\Desktop\인턴\SKPoC\Unclear_file\231012_061734_0_side2.jpg
2025-09-18T10:00:30.497200 [DEBUG] 최종 로드된 이미지 수: 8
2025-09-18T10:00:30.498174 [EXIT] load_images 종료
2025-09-18T10:00:31.222148 [ENTRY] load_images 시작
2025-09-18T10:00:31.224167 [DEBUG] annotations에서 description이 있는 문서 수: 8
2025-09-18T10:00:31.225139 [DEBUG] 후보: C:\Users\pc\Desktop\인턴\SKPoC\Unclear_file\231012_060258_0_side1.jpg -> 해석: C:\Users\pc\Desktop\인턴\SKPoC\Unclear_file\231012_060258_0_side1.jpg
2025-09-18T10:00:31.226137 [DEBUG] 후보: C:\Users\pc\Desktop\인턴\SKPoC\Unclear_file\231012_060258_0_side2.jpg -> 해석: C:\Users\pc\Desktop\인턴\SKPoC\Unclear_file\231012_060258_0_side2.jpg
2025-09-18T10:00:31.227134 [DEBUG] 후보: C:\Users\pc\Desktop\인턴\SKPoC\Unclear_file\231012_060304_0_side2.jpg -> 해석: C:\Users\pc\Desktop\인턴\SKPoC\Unclear_file\231012_060304_0_side2.jpg
2025-09-18T10:00:31.228131 [DEBUG] 후보: C:\Users\pc\Desktop\인턴\SKPoC\Unclear_file\231012_060920_0_side2.jpg -> 해석: C:\Users\pc\Desktop\인턴\SKPoC\Unclear_file\231012_060920_0_side2.jpg
2025-09-18T10:00:31.229128 [DEBUG] 후보: C:\Users\pc\Desktop\인턴\SKPoC\Unclear_file\231012_060355_0_side2.jpg -> 해석: C:\Users\pc\Desktop\인턴\SKPoC\Unclear_file\231012_060355_0_side2.jpg
2025-09-18T10:00:31.229128 [DEBUG] 후보: C:\Users\pc\Desktop\인턴\SKPoC\Unclear_file\231012_061126_0_side2.jpg -> 해석: C:\Users\pc\Desktop\인턴\SKPoC\Unclear_file\231012_061126_0_side2.jpg
2025-09-18T10:00:31.230126 [DEBUG] 후보: C:\Users\pc\Desktop\인턴\SKPoC\Unclear_file\231012_061345_0_side1.jpg -> 해석: C:\Users\pc\Desktop\인턴\SKPoC\Unclear_file\231012_061345_0_side1.jpg
2025-09-18T10:00:31.231123 [DEBUG] 후보: C:\Users\pc\Desktop\인턴\SKPoC\Unclear_file\231012_061734_0_side2.jpg -> 해석: C:\Users\pc\Desktop\인턴\SKPoC\Unclear_file\231012_061734_0_side2.jpg
2025-09-18T10:00:31.234115 [DEBUG] 최종 로드된 이미지 수: 8
2025-09-18T10:00:31.234115 [EXIT] load_images 종료
2025-09-18T10:00:31.672115 [ENTRY] load_images 시작
2025-09-18T10:00:31.674111 [DEBUG] annotations에서 description이 있는 문서 수: 8
2025-09-18T10:00:31.674111 [DEBUG] 후보: C:\Users\pc\Desktop\인턴\SKPoC\Unclear_file\231012_060258_0_side1.jpg -> 해석: C:\Users\pc\Desktop\인턴\SKPoC\Unclear_file\231012_060258_0_side1.jpg
2025-09-18T10:00:31.675074 [DEBUG] 후보: C:\Users\pc\Desktop\인턴\SKPoC\Unclear_file\231012_060258_0_side2.jpg -> 해석: C:\Users\pc\Desktop\인턴\SKPoC\Unclear_file\231012_060258_0_side2.jpg
2025-09-18T10:00:31.675074 [DEBUG] 후보: C:\Users\pc\Desktop\인턴\SKPoC\Unclear_file\231012_060304_0_side2.jpg -> 해석: C:\Users\pc\Desktop\인턴\SKPoC\Unclear_file\231012_060304_0_side2.jpg
2025-09-18T10:00:31.676184 [DEBUG] 후보: C:\Users\pc\Desktop\인턴\SKPoC\Unclear_file\231012_060920_0_side2.jpg -> 해석: C:\Users\pc\Desktop\인턴\SKPoC\Unclear_file\231012_060920_0_side2.jpg
2025-09-18T10:00:31.677184 [DEBUG] 후보: C:\Users\pc\Desktop\인턴\SKPoC\Unclear_file\231012_060355_0_side2.jpg -> 해석: C:\Users\pc\Desktop\인턴\SKPoC\Unclear_file\231012_060355_0_side2.jpg
2025-09-18T10:00:31.677184 [DEBUG] 후보: C:\Users\pc\Desktop\인턴\SKPoC\Unclear_file\231012_061126_0_side2.jpg -> 해석: C:\Users\pc\Desktop\인턴\SKPoC\Unclear_file\231012_061126_0_side2.jpg
2025-09-18T10:00:31.678181 [DEBUG] 후보: C:\Users\pc\Desktop\인턴\SKPoC\Unclear_file\231012_061345_0_side1.jpg -> 해석: C:\Users\pc\Desktop\인턴\SKPoC\Unclear_file\231012_061345_0_side1.jpg
2025-09-18T10:00:31.678181 [DEBUG] 후보: C:\Users\pc\Desktop\인턴\SKPoC\Unclear_file\231012_061734_0_side2.jpg -> 해석: C:\Users\pc\Desktop\인턴\SKPoC\Unclear_file\231012_061734_0_side2.jpg
2025-09-18T10:00:31.681199 [DEBUG] 최종 로드된 이미지 수: 8
2025-09-18T10:00:31.682170 [EXIT] load_images 종료
2025-09-18T10:00:31.844758 [ENTRY] load_images 시작
2025-09-18T10:00:31.846753 [DEBUG] annotations에서 description이 있는 문서 수: 8
2025-09-18T10:00:31.847750 [DEBUG] 후보: C:\Users\pc\Desktop\인턴\SKPoC\Unclear_file\231012_060258_0_side1.jpg -> 해석: C:\Users\pc\Desktop\인턴\SKPoC\Unclear_file\231012_060258_0_side1.jpg
2025-09-18T10:00:31.847750 [DEBUG] 후보: C:\Users\pc\Desktop\인턴\SKPoC\Unclear_file\231012_060258_0_side2.jpg -> 해석: C:\Users\pc\Desktop\인턴\SKPoC\Unclear_file\231012_060258_0_side2.jpg
2025-09-18T10:00:31.848747 [DEBUG] 후보: C:\Users\pc\Desktop\인턴\SKPoC\Unclear_file\231012_060304_0_side2.jpg -> 해석: C:\Users\pc\Desktop\인턴\SKPoC\Unclear_file\231012_060304_0_side2.jpg
2025-09-18T10:00:31.848747 [DEBUG] 후보: C:\Users\pc\Desktop\인턴\SKPoC\Unclear_file\231012_060920_0_side2.jpg -> 해석: C:\Users\pc\Desktop\인턴\SKPoC\Unclear_file\231012_060920_0_side2.jpg
2025-09-18T10:00:31.849744 [DEBUG] 후보: C:\Users\pc\Desktop\인턴\SKPoC\Unclear_file\231012_060355_0_side2.jpg -> 해석: C:\Users\pc\Desktop\인턴\SKPoC\Unclear_file\231012_060355_0_side2.jpg
2025-09-18T10:00:31.849744 [DEBUG] 후보: C:\Users\pc\Desktop\인턴\SKPoC\Unclear_file\231012_061126_0_side2.jpg -> 해석: C:\Users\pc\Desktop\인턴\SKPoC\Unclear_file\231012_061126_0_side2.jpg
2025-09-18T10:00:31.850742 [DEBUG] 후보: C:\Users\pc\Desktop\인턴\SKPoC\Unclear_file\231012_061345_0_side1.jpg -> 해석: C:\Users\pc\Desktop\인턴\SKPoC\Unclear_file\231012_061345_0_side1.jpg
2025-09-18T10:00:31.851740 [DEBUG] 후보: C:\Users\pc\Desktop\인턴\SKPoC\Unclear_file\231012_061734_0_side2.jpg -> 해석: C:\Users\pc\Desktop\인턴\SKPoC\Unclear_file\231012_061734_0_side2.jpg
2025-09-18T10:00:31.854759 [DEBUG] 최종 로드된 이미지 수: 8
2025-09-18T10:00:31.854759 [EXIT] load_images 종료
2025-09-18T10:00:32.017430 [ENTRY] load_images 시작
2025-09-18T10:00:32.018428 [DEBUG] annotations에서 description이 있는 문서 수: 8
2025-09-18T10:00:32.019425 [DEBUG] 후보: C:\Users\pc\Desktop\인턴\SKPoC\Unclear_file\231012_060258_0_side1.jpg -> 해석: C:\Users\pc\Desktop\인턴\SKPoC\Unclear_file\231012_060258_0_side1.jpg
2025-09-18T10:00:32.019425 [DEBUG] 후보: C:\Users\pc\Desktop\인턴\SKPoC\Unclear_file\231012_060258_0_side2.jpg -> 해석: C:\Users\pc\Desktop\인턴\SKPoC\Unclear_file\231012_060258_0_side2.jpg
2025-09-18T10:00:32.020421 [DEBUG] 후보: C:\Users\pc\Desktop\인턴\SKPoC\Unclear_file\231012_060304_0_side2.jpg -> 해석: C:\Users\pc\Desktop\인턴\SKPoC\Unclear_file\231012_060304_0_side2.jpg
2025-09-18T10:00:32.021418 [DEBUG] 후보: C:\Users\pc\Desktop\인턴\SKPoC\Unclear_file\231012_060920_0_side2.jpg -> 해석: C:\Users\pc\Desktop\인턴\SKPoC\Unclear_file\231012_060920_0_side2.jpg
2025-09-18T10:00:32.021418 [DEBUG] 후보: C:\Users\pc\Desktop\인턴\SKPoC\Unclear_file\231012_060355_0_side2.jpg -> 해석: C:\Users\pc\Desktop\인턴\SKPoC\Unclear_file\231012_060355_0_side2.jpg
2025-09-18T10:00:32.022417 [DEBUG] 후보: C:\Users\pc\Desktop\인턴\SKPoC\Unclear_file\231012_061126_0_side2.jpg -> 해석: C:\Users\pc\Desktop\인턴\SKPoC\Unclear_file\231012_061126_0_side2.jpg
2025-09-18T10:00:32.022417 [DEBUG] 후보: C:\Users\pc\Desktop\인턴\SKPoC\Unclear_file\231012_061345_0_side1.jpg -> 해석: C:\Users\pc\Desktop\인턴\SKPoC\Unclear_file\231012_061345_0_side1.jpg
2025-09-18T10:00:32.023415 [DEBUG] 후보: C:\Users\pc\Desktop\인턴\SKPoC\Unclear_file\231012_061734_0_side2.jpg -> 해석: C:\Users\pc\Desktop\인턴\SKPoC\Unclear_file\231012_061734_0_side2.jpg
2025-09-18T10:00:32.026406 [DEBUG] 최종 로드된 이미지 수: 8
2025-09-18T10:00:32.027404 [EXIT] load_images 종료
2025-09-18T10:00:32.175030 [ENTRY] load_images 시작
2025-09-18T10:00:32.177028 [DEBUG] annotations에서 description이 있는 문서 수: 8
2025-09-18T10:00:32.177028 [DEBUG] 후보: C:\Users\pc\Desktop\인턴\SKPoC\Unclear_file\231012_060258_0_side1.jpg -> 해석: C:\Users\pc\Desktop\인턴\SKPoC\Unclear_file\231012_060258_0_side1.jpg
2025-09-18T10:00:32.177998 [DEBUG] 후보: C:\Users\pc\Desktop\인턴\SKPoC\Unclear_file\231012_060258_0_side2.jpg -> 해석: C:\Users\pc\Desktop\인턴\SKPoC\Unclear_file\231012_060258_0_side2.jpg
2025-09-18T10:00:32.178995 [DEBUG] 후보: C:\Users\pc\Desktop\인턴\SKPoC\Unclear_file\231012_060304_0_side2.jpg -> 해석: C:\Users\pc\Desktop\인턴\SKPoC\Unclear_file\231012_060304_0_side2.jpg
2025-09-18T10:00:32.178995 [DEBUG] 후보: C:\Users\pc\Desktop\인턴\SKPoC\Unclear_file\231012_060920_0_side2.jpg -> 해석: C:\Users\pc\Desktop\인턴\SKPoC\Unclear_file\231012_060920_0_side2.jpg
2025-09-18T10:00:32.179992 [DEBUG] 후보: C:\Users\pc\Desktop\인턴\SKPoC\Unclear_file\231012_060355_0_side2.jpg -> 해석: C:\Users\pc\Desktop\인턴\SKPoC\Unclear_file\231012_060355_0_side2.jpg
2025-09-18T10:00:32.179992 [DEBUG] 후보: C:\Users\pc\Desktop\인턴\SKPoC\Unclear_file\231012_061126_0_side2.jpg -> 해석: C:\Users\pc\Desktop\인턴\SKPoC\Unclear_file\231012_061126_0_side2.jpg
2025-09-18T10:00:32.181009 [DEBUG] 후보: C:\Users\pc\Desktop\인턴\SKPoC\Unclear_file\231012_061345_0_side1.jpg -> 해석: C:\Users\pc\Desktop\인턴\SKPoC\Unclear_file\231012_061345_0_side1.jpg
2025-09-18T10:00:32.181009 [DEBUG] 후보: C:\Users\pc\Desktop\인턴\SKPoC\Unclear_file\231012_061734_0_side2.jpg -> 해석: C:\Users\pc\Desktop\인턴\SKPoC\Unclear_file\231012_061734_0_side2.jpg
2025-09-18T10:00:32.184979 [DEBUG] 최종 로드된 이미지 수: 8
2025-09-18T10:00:32.184979 [EXIT] load_images 종료
2025-09-18T10:00:32.340100 [ENTRY] load_images 시작
2025-09-18T10:00:32.342068 [DEBUG] annotations에서 description이 있는 문서 수: 8
2025-09-18T10:00:32.342068 [DEBUG] 후보: C:\Users\pc\Desktop\인턴\SKPoC\Unclear_file\231012_060258_0_side1.jpg -> 해석: C:\Users\pc\Desktop\인턴\SKPoC\Unclear_file\231012_060258_0_side1.jpg
2025-09-18T10:00:32.343093 [DEBUG] 후보: C:\Users\pc\Desktop\인턴\SKPoC\Unclear_file\231012_060258_0_side2.jpg -> 해석: C:\Users\pc\Desktop\인턴\SKPoC\Unclear_file\231012_060258_0_side2.jpg
2025-09-18T10:00:32.344062 [DEBUG] 후보: C:\Users\pc\Desktop\인턴\SKPoC\Unclear_file\231012_060304_0_side2.jpg -> 해석: C:\Users\pc\Desktop\인턴\SKPoC\Unclear_file\231012_060304_0_side2.jpg
2025-09-18T10:00:32.344062 [DEBUG] 후보: C:\Users\pc\Desktop\인턴\SKPoC\Unclear_file\231012_060920_0_side2.jpg -> 해석: C:\Users\pc\Desktop\인턴\SKPoC\Unclear_file\231012_060920_0_side2.jpg
2025-09-18T10:00:32.345059 [DEBUG] 후보: C:\Users\pc\Desktop\인턴\SKPoC\Unclear_file\231012_060355_0_side2.jpg -> 해석: C:\Users\pc\Desktop\인턴\SKPoC\Unclear_file\231012_060355_0_side2.jpg
2025-09-18T10:00:32.345059 [DEBUG] 후보: C:\Users\pc\Desktop\인턴\SKPoC\Unclear_file\231012_061126_0_side2.jpg -> 해석: C:\Users\pc\Desktop\인턴\SKPoC\Unclear_file\231012_061126_0_side2.jpg
2025-09-18T10:00:32.346058 [DEBUG] 후보: C:\Users\pc\Desktop\인턴\SKPoC\Unclear_file\231012_061345_0_side1.jpg -> 해석: C:\Users\pc\Desktop\인턴\SKPoC\Unclear_file\231012_061345_0_side1.jpg
2025-09-18T10:00:32.346058 [DEBUG] 후보: C:\Users\pc\Desktop\인턴\SKPoC\Unclear_file\231012_061734_0_side2.jpg -> 해석: C:\Users\pc\Desktop\인턴\SKPoC\Unclear_file\231012_061734_0_side2.jpg
2025-09-18T10:00:32.350069 [DEBUG] 최종 로드된 이미지 수: 8
2025-09-18T10:00:32.350069 [EXIT] load_images 종료
2025-09-18T10:17:57.764643 [ENTRY] load_images 시작
2025-09-18T10:17:57.766666 [DEBUG] annotations에서 description이 있는 문서 수: 8
2025-09-18T10:17:57.766666 [DEBUG] 후보: C:\Users\pc\Desktop\인턴\SKPoC\Unclear_file\231012_060258_0_side1.jpg -> 해석: C:\Users\pc\Desktop\인턴\SKPoC\Unclear_file\231012_060258_0_side1.jpg
2025-09-18T10:17:57.767663 [DEBUG] 후보: C:\Users\pc\Desktop\인턴\SKPoC\Unclear_file\231012_060258_0_side2.jpg -> 해석: C:\Users\pc\Desktop\인턴\SKPoC\Unclear_file\231012_060258_0_side2.jpg
2025-09-18T10:17:57.768632 [DEBUG] 후보: C:\Users\pc\Desktop\인턴\SKPoC\Unclear_file\231012_060304_0_side2.jpg -> 해석: C:\Users\pc\Desktop\인턴\SKPoC\Unclear_file\231012_060304_0_side2.jpg
2025-09-18T10:17:57.768632 [DEBUG] 후보: C:\Users\pc\Desktop\인턴\SKPoC\Unclear_file\231012_060920_0_side2.jpg -> 해석: C:\Users\pc\Desktop\인턴\SKPoC\Unclear_file\231012_060920_0_side2.jpg
2025-09-18T10:17:57.769630 [DEBUG] 후보: C:\Users\pc\Desktop\인턴\SKPoC\Unclear_file\231012_060355_0_side2.jpg -> 해석: C:\Users\pc\Desktop\인턴\SKPoC\Unclear_file\231012_060355_0_side2.jpg
2025-09-18T10:17:57.769630 [DEBUG] 후보: C:\Users\pc\Desktop\인턴\SKPoC\Unclear_file\231012_061126_0_side2.jpg -> 해석: C:\Users\pc\Desktop\인턴\SKPoC\Unclear_file\231012_061126_0_side2.jpg
2025-09-18T10:17:57.770627 [DEBUG] 후보: C:\Users\pc\Desktop\인턴\SKPoC\Unclear_file\231012_061345_0_side1.jpg -> 해석: C:\Users\pc\Desktop\인턴\SKPoC\Unclear_file\231012_061345_0_side1.jpg
2025-09-18T10:17:57.771624 [DEBUG] 후보: C:\Users\pc\Desktop\인턴\SKPoC\Unclear_file\231012_061734_0_side2.jpg -> 해석: C:\Users\pc\Desktop\인턴\SKPoC\Unclear_file\231012_061734_0_side2.jpg
2025-09-18T10:17:57.774616 [DEBUG] 최종 로드된 이미지 수: 8
2025-09-18T10:17:57.775613 [EXIT] load_images 종료
2025-09-18T12:57:25.273405 [ENTRY] load_images 시작
2025-09-18T12:57:25.275399 [DEBUG] annotations에서 description이 있는 문서 수: 0
2025-09-18T12:57:25.288381 [DEBUG] 최종 로드된 이미지 수: 0
2025-09-18T12:57:25.288381 [EXIT] load_images 종료
2025-09-18T13:00:16.638564 [ENTRY] load_images 시작
2025-09-18T13:00:16.640560 [DEBUG] annotations에서 description이 있는 문서 수: 0
2025-09-18T13:00:16.641557 [DEBUG] 최종 로드된 이미지 수: 0
2025-09-18T13:00:16.641557 [EXIT] load_images 종료
2025-09-18T13:54:10.742292 [ENTRY] load_images 시작
2025-09-18T13:54:10.743266 [DEBUG] annotations에서 description이 있는 문서 수: 0
2025-09-18T13:54:10.744263 [DEBUG] 최종 로드된 이미지 수: 0
2025-09-18T13:54:10.745261 [EXIT] load_images 종료
2025-09-18T14:56:03.621632 [ENTRY] load_images 시작
2025-09-18T14:56:03.622630 [DEBUG] annotations에서 description이 있는 문서 수: 0
2025-09-18T14:56:03.623627 [DEBUG] 최종 로드된 이미지 수: 0
2025-09-18T14:56:03.623627 [EXIT] load_images 종료
2025-09-18T16:32:44.048406 [ENTRY] load_images 시작
2025-09-18T16:32:44.049377 [DEBUG] annotations에서 description이 있는 문서 수: 0
2025-09-18T16:32:44.050405 [DEBUG] 최종 로드된 이미지 수: 0
2025-09-18T16:32:44.051371 [EXIT] load_images 종료
2025-09-18T16:57:29.898797 [ENTRY] load_images 시작
2025-09-18T16:57:29.900792 [DEBUG] annotations에서 description이 있는 문서 수: 0
2025-09-18T16:57:29.901790 [DEBUG] 최종 로드된 이미지 수: 0
2025-09-18T16:57:29.901790 [EXIT] load_images 종료
2025-09-19T08:04:40.689306 [ENTRY] load_images 시작
2025-09-19T08:04:40.690303 [DEBUG] annotations에서 description이 있는 문서 수: 0
2025-09-19T08:04:40.691328 [DEBUG] 최종 로드된 이미지 수: 0
2025-09-19T08:04:40.691328 [EXIT] load_images 종료
2025-09-19T08:04:50.886000 [ENTRY] load_images 시작
2025-09-19T08:04:50.886969 [DEBUG] annotations에서 description이 있는 문서 수: 0
2025-09-19T08:04:50.887968 [DEBUG] 최종 로드된 이미지 수: 0
2025-09-19T08:04:50.888964 [EXIT] load_images 종료
2025-09-19T08:04:51.500528 [ENTRY] load_images 시작
2025-09-19T08:04:51.502497 [DEBUG] annotations에서 description이 있는 문서 수: 0
2025-09-19T08:04:51.503494 [DEBUG] 최종 로드된 이미지 수: 0
2025-09-19T08:04:51.503494 [EXIT] load_images 종료
2025-09-19T08:04:51.680814 [ENTRY] load_images 시작
2025-09-19T08:04:51.681812 [DEBUG] annotations에서 description이 있는 문서 수: 0
2025-09-19T08:04:51.682811 [DEBUG] 최종 로드된 이미지 수: 0
2025-09-19T08:04:51.682811 [EXIT] load_images 종료
2025-09-19T08:04:51.846484 [ENTRY] load_images 시작
2025-09-19T08:04:51.847482 [DEBUG] annotations에서 description이 있는 문서 수: 0
2025-09-19T08:04:51.848479 [DEBUG] 최종 로드된 이미지 수: 0
2025-09-19T08:04:51.848479 [EXIT] load_images 종료
2025-09-19T08:05:33.355888 [ENTRY] load_images 시작
2025-09-19T08:05:33.356886 [DEBUG] annotations에서 description이 있는 문서 수: 0
2025-09-19T08:05:33.357883 [DEBUG] 최종 로드된 이미지 수: 0
2025-09-19T08:05:33.357883 [EXIT] load_images 종료
